[2026-09-07 11:50:17] [INFO] [MainPipeline] ======================================================================
[2026-09-07 11:50:17] [INFO] [MainPipeline] INICIANDO PROCESO DIARIO DE PREPTIME (SEAMLESS BULK UPDATES)
[2026-09-07 11:50:17] [INFO] [MainPipeline] ======================================================================
[2026-09-07 11:50:17] [INFO] [MainPipeline] --- PASO 1: Buscando archivo del dia de hoy en 'data_vendors_drive' ---
[2026-09-07 11:50:17] [INFO] [DriveVendorReader] Archivo de hoy encontrado: Reporte_Query_20260907_090542.csv (Ruta: C:\Users\cristian.alvarez\Desktop\Proyectos\PartnerConfigs\data_vendors_drive\Reporte_Query_20260907_090542.csv)
[2026-09-07 11:50:17] [INFO] [DriveVendorReader] Leyendo archivo de vendors: Reporte_Query_20260907_090542.csv...
[2026-09-07 11:50:17] [INFO] [DriveVendorReader] Archivo leido correctamente. Filas encontradas: 10
[2026-09-07 11:50:17] [INFO] [DriveVendorReader] Columnas mapeadas para procesamiento: ['partner_id', 'partner_name', 'registered_date', 'partner_status', 'cuisine', 'franchise_name', 'vertical_type']
[2026-09-07 11:50:17] [INFO] [MainPipeline] --- PASO 2: Aplicando Reglas de Preptime y Generando Resultados ---
[2026-09-07 11:50:17] [INFO] [VendorTransformer] Cargando reglas de negocio desde rules_preptime.csv (87 reglas)...
[2026-09-07 11:50:17] [INFO] [VendorTransformer] Reglas activas: 20 franquicias, 14 cuisines, 8 verticales, 44 palabras clave. Default: 15 min.
[2026-09-07 11:50:17] [INFO] [VendorTransformer] Aplicando reglas de preptime sobre 10 partners...
[2026-09-07 11:50:17] [INFO] [VendorTransformer] Distribución de asignación de preptime: {'DEFAULT': 1, 'CUISINE': 6, 'KEYWORD': 3}
[2026-09-07 11:50:17] [INFO] [VendorTransformer] CSV de Seamless generado exitosamente: C:\Users\cristian.alvarez\Desktop\Proyectos\PartnerConfigs\data\output\seamless_bulk_upload_20260907_115017.csv
[2026-09-07 11:50:17] [INFO] [VendorTransformer] Archivo de auditoría/resultados generado exitosamente: C:\Users\cristian.alvarez\Desktop\Proyectos\PartnerConfigs\data\output\reporte_auditoria_vendors_20260907_115017.csv
[2026-09-07 11:50:17] [INFO] [MainPipeline] ======================================================================
[2026-09-07 11:50:17] [INFO] [MainPipeline] ARCHIVOS GENERADOS:
[2026-09-07 11:50:17] [INFO] [MainPipeline] 1. CSV para Seamless: C:\Users\cristian.alvarez\Desktop\Proyectos\PartnerConfigs\data\output\seamless_bulk_upload_20260907_115017.csv
[2026-09-07 11:50:17] [INFO] [MainPipeline] 2. Reporte de Auditoria Completo: C:\Users\cristian.alvarez\Desktop\Proyectos\PartnerConfigs\data\output\reporte_auditoria_vendors_20260907_115017.csv
[2026-09-07 11:50:17] [INFO] [MainPipeline] ======================================================================
[2026-09-07 11:50:17] [INFO] [MainPipeline] --- PASO 3: Carga en Seamless Dashboard (PedidosYa Portal) ---
[2026-09-07 11:50:17] [INFO] [SeamlessUploader] Iniciando navegador Playwright (Headless=False)...
[2026-09-07 11:50:17] [INFO] [SeamlessUploader] Ruta del CSV a cargar: C:\Users\cristian.alvarez\Desktop\Proyectos\PartnerConfigs\data\output\seamless_bulk_upload_20260907_115017.csv
[2026-09-07 11:50:25] [INFO] [SeamlessUploader] Navegando a: https://ops-portal.pedidosya.com/pv2/cl/p/logistics-seamless#/main
[2026-09-07 11:50:31] [INFO] [SeamlessUploader] Pantalla de autenticación Okta / SSO detectada.
[2026-09-07 11:50:31] [INFO] [SeamlessUploader] Esperando confirmación de inicio de sesión Okta (MFA / Push / redirección)...
👉 Si aparece la solicitud en tu teléfono o pantalla, por favor acéptala.
[2026-09-07 11:50:40] [INFO] [SeamlessUploader] Autenticación completada. Acceso concedido al portal.
[2026-09-07 11:50:42] [INFO] [SeamlessUploader] Navegando a 'Mass updates'...
[2026-09-07 11:50:44] [INFO] [SeamlessUploader] Buscando opción 'Upload CSV'...
[2026-09-07 11:50:46] [INFO] [SeamlessUploader] ⏳ Pausa de 5 segundos para carga completa de componentes...
[2026-09-07 11:50:53] [INFO] [SeamlessUploader] Detectado iframe de Seamless (iframe.pluginIframe).
[2026-09-07 11:50:53] [INFO] [SeamlessUploader] >>> PASO 1: Platform Country -> Escribir 'PY_CL' y seleccionar coincidencia <<<
[2026-09-07 11:50:55] [INFO] [SeamlessUploader] Seleccionando con ArrowDown + Enter como respaldo...
[2026-09-07 11:50:57] [INFO] [SeamlessUploader] [Platform Country] Buscando botón 'Continue'...
[2026-09-07 11:50:58] [WARNING] [SeamlessUploader] [Platform Country] No se detectó botón 'Continue' visible.
[2026-09-07 11:50:58] [INFO] [SeamlessUploader] >>> PASO 2: Type of vendors -> Clic en botón 'OD Vendors' <<<
[2026-09-07 11:51:01] [INFO] [SeamlessUploader] [Type of vendors] Buscando botón 'Continue'...
[2026-09-07 11:51:02] [WARNING] [SeamlessUploader] [Type of vendors] No se detectó botón 'Continue' visible.
[2026-09-07 11:51:02] [INFO] [SeamlessUploader] >>> PASO 3: Type of action -> Clic en opción 'Preparation times' <<<
[2026-09-07 11:51:03] [INFO] [SeamlessUploader] Clic en opción de acción: div:has-text("Preparation times")
[2026-09-07 11:51:05] [INFO] [SeamlessUploader] [Type of action] Buscando botón 'Continue'...
[2026-09-07 11:51:06] [WARNING] [SeamlessUploader] [Type of action] No se detectó botón 'Continue' visible.
[2026-09-07 11:51:06] [INFO] [SeamlessUploader] >>> PASO 4: Carga de Archivo CSV <<<
[2026-09-07 11:51:08] [WARNING] [SeamlessUploader] No se encontró input[type='file']. Intentando dropzone...
[2026-09-07 11:51:10] [INFO] [SeamlessUploader] Buscando botón final de confirmación/subida...
[2026-09-07 11:51:16] [INFO] [SeamlessUploader] Captura de pantalla final guardada en: C:\Users\cristian.alvarez\Desktop\Proyectos\PartnerConfigs\data\logs\seamless_success_20260907_115116.png
[2026-09-07 11:51:16] [INFO] [SeamlessUploader] ¡Proceso de Seamless Bulk Updates completado exitosamente!
[2026-09-07 11:51:16] [INFO] [MainPipeline] ======================================================================
[2026-09-07 11:51:16] [INFO] [MainPipeline] PROCESO COMPLETADO EXITOSAMENTE
[2026-09-07 11:51:16] [INFO] [MainPipeline] ======================================================================
[2026-09-07 11:55:54] [INFO] [MainPipeline] ======================================================================
[2026-09-07 11:55:54] [INFO] [MainPipeline] INICIANDO PROCESO DIARIO DE PREPTIME (SEAMLESS BULK UPDATES)
[2026-09-07 11:55:54] [INFO] [MainPipeline] ======================================================================
[2026-09-07 11:55:54] [INFO] [MainPipeline] --- PASO 1: Buscando archivo del dia de hoy en 'data_vendors_drive' ---
[2026-09-07 11:55:54] [INFO] [DriveVendorReader] Archivo de hoy encontrado: Reporte_Query_20260907_090542.csv (Ruta: C:\Users\cristian.alvarez\Desktop\Proyectos\PartnerConfigs\data_vendors_drive\Reporte_Query_20260907_090542.csv)
[2026-09-07 11:55:54] [INFO] [DriveVendorReader] Leyendo archivo de vendors: Reporte_Query_20260907_090542.csv...
[2026-09-07 11:55:54] [INFO] [DriveVendorReader] Archivo leido correctamente. Filas encontradas: 10
[2026-09-07 11:55:54] [INFO] [DriveVendorReader] Columnas mapeadas para procesamiento: ['partner_id', 'partner_name', 'registered_date', 'partner_status', 'cuisine', 'franchise_name', 'vertical_type']
[2026-09-07 11:55:54] [INFO] [MainPipeline] --- PASO 2: Aplicando Reglas de Preptime y Generando Resultados ---
[2026-09-07 11:55:54] [INFO] [VendorTransformer] Cargando reglas de negocio desde rules_preptime.csv (87 reglas)...
[2026-09-07 11:55:54] [INFO] [VendorTransformer] Reglas activas: 20 franquicias, 14 cuisines, 8 verticales, 44 palabras clave. Default: 15 min.
[2026-09-07 11:55:54] [INFO] [VendorTransformer] Aplicando reglas de preptime sobre 10 partners...
[2026-09-07 11:55:54] [INFO] [VendorTransformer] Distribución de asignación de preptime: {'DEFAULT': 1, 'CUISINE': 6, 'KEYWORD': 3}
[2026-09-07 11:55:54] [INFO] [VendorTransformer] CSV de Seamless generado exitosamente: C:\Users\cristian.alvarez\Desktop\Proyectos\PartnerConfigs\data\output\seamless_bulk_upload_20260907_115554.csv
[2026-09-07 11:55:54] [INFO] [VendorTransformer] Archivo de auditoría/resultados generado exitosamente: C:\Users\cristian.alvarez\Desktop\Proyectos\PartnerConfigs\data\output\reporte_auditoria_vendors_20260907_115554.csv
[2026-09-07 11:55:54] [INFO] [MainPipeline] ======================================================================
[2026-09-07 11:55:54] [INFO] [MainPipeline] ARCHIVOS GENERADOS:
[2026-09-07 11:55:54] [INFO] [MainPipeline] 1. CSV para Seamless: C:\Users\cristian.alvarez\Desktop\Proyectos\PartnerConfigs\data\output\seamless_bulk_upload_20260907_115554.csv
[2026-09-07 11:55:54] [INFO] [MainPipeline] 2. Reporte de Auditoria Completo: C:\Users\cristian.alvarez\Desktop\Proyectos\PartnerConfigs\data\output\reporte_auditoria_vendors_20260907_115554.csv
[2026-09-07 11:55:54] [INFO] [MainPipeline] ======================================================================
[2026-09-07 11:55:54] [INFO] [MainPipeline] [DRY RUN / SKIP UPLOAD] Omitiendo carga en el portal web.
[2026-09-07 11:57:54] [INFO] [MainPipeline] ======================================================================
[2026-09-07 11:57:54] [INFO] [MainPipeline] INICIANDO PROCESO DIARIO DE PREPTIME (SEAMLESS BULK UPDATES)
[2026-09-07 11:57:54] [INFO] [MainPipeline] ======================================================================
[2026-09-07 11:57:54] [INFO] [MainPipeline] --- PASO 1: Buscando archivo del dia de hoy en 'data_vendors_drive' ---
[2026-09-07 11:57:54] [INFO] [DriveVendorReader] Archivo de hoy encontrado: Reporte_Query_20260907_090542.csv (Ruta: C:\Users\cristian.alvarez\Desktop\Proyectos\PartnerConfigs\data_vendors_drive\Reporte_Query_20260907_090542.csv)
[2026-09-07 11:57:54] [INFO] [DriveVendorReader] Leyendo archivo de vendors: Reporte_Query_20260907_090542.csv...
[2026-09-07 11:57:54] [INFO] [DriveVendorReader] Archivo leido correctamente. Filas encontradas: 10
[2026-09-07 11:57:54] [INFO] [DriveVendorReader] Columnas mapeadas para procesamiento: ['partner_id', 'partner_name', 'registered_date', 'partner_status', 'cuisine', 'franchise_name', 'vertical_type']
[2026-09-07 11:57:54] [INFO] [MainPipeline] --- PASO 2: Aplicando Reglas de Preptime y Generando Resultados ---
[2026-09-07 11:57:54] [INFO] [VendorTransformer] Cargando reglas de negocio desde rules_preptime.csv (89 reglas)...
[2026-09-07 11:57:54] [INFO] [VendorTransformer] Reglas activas: 20 franquicias, 16 cuisines, 8 verticales, 44 palabras clave. Default: 15 min.
[2026-09-07 11:57:54] [INFO] [VendorTransformer] Aplicando reglas de preptime sobre 10 partners...
[2026-09-07 11:57:54] [INFO] [VendorTransformer] Distribución de asignación de preptime: {'CUISINE': 7, 'KEYWORD': 3}
[2026-09-07 11:57:54] [INFO] [VendorTransformer] CSV de Seamless generado exitosamente: C:\Users\cristian.alvarez\Desktop\Proyectos\PartnerConfigs\data\output\seamless_bulk_upload_20260907_115754.csv
[2026-09-07 11:57:54] [INFO] [VendorTransformer] Archivo de auditoría/resultados generado exitosamente: C:\Users\cristian.alvarez\Desktop\Proyectos\PartnerConfigs\data\output\reporte_auditoria_vendors_20260907_115754.csv
[2026-09-07 11:57:54] [INFO] [MainPipeline] ======================================================================
[2026-09-07 11:57:54] [INFO] [MainPipeline] ARCHIVOS GENERADOS:
[2026-09-07 11:57:54] [INFO] [MainPipeline] 1. CSV para Seamless: C:\Users\cristian.alvarez\Desktop\Proyectos\PartnerConfigs\data\output\seamless_bulk_upload_20260907_115754.csv
[2026-09-07 11:57:54] [INFO] [MainPipeline] 2. Reporte de Auditoria Completo: C:\Users\cristian.alvarez\Desktop\Proyectos\PartnerConfigs\data\output\reporte_auditoria_vendors_20260907_115754.csv
[2026-09-07 11:57:54] [INFO] [MainPipeline] ======================================================================
[2026-09-07 11:57:54] [INFO] [MainPipeline] --- PASO 3: Carga en Seamless Dashboard (PedidosYa Portal) ---
[2026-09-07 11:57:54] [INFO] [SeamlessUploader] Iniciando navegador Playwright (Headless=False)...
[2026-09-07 11:57:54] [INFO] [SeamlessUploader] Ruta del CSV a cargar: C:\Users\cristian.alvarez\Desktop\Proyectos\PartnerConfigs\data\output\seamless_bulk_upload_20260907_115754.csv
[2026-09-07 11:57:57] [INFO] [SeamlessUploader] Navegando a: https://ops-portal.pedidosya.com/pv2/cl/p/logistics-seamless#/main
[2026-09-07 11:57:59] [INFO] [SeamlessUploader] Esperando carga completa de componentes de Seamless Dashboard en la URL main...
[2026-09-07 11:58:08] [INFO] [SeamlessUploader] Detectado iframe de Seamless (iframe.pluginIframe).
[2026-09-07 11:58:08] [INFO] [SeamlessUploader] Verificando que los botones principales de Seamless estén visibles e interactivos...
[2026-09-07 11:58:08] [INFO] [SeamlessUploader] Componentes de la pantalla principal listos e interactivos.
[2026-09-07 11:58:08] [INFO] [SeamlessUploader] Accediendo a 'Mass Updates -> Upload CSV'...
[2026-09-07 11:58:10] [INFO] [SeamlessUploader] Haciendo clic en botón: a:has-text("UPLOAD CSV")
[2026-09-07 11:58:11] [INFO] [SeamlessUploader] Esperando apertura del wizard de Mass Updates (Paso 1)...
[2026-09-07 11:58:12] [INFO] [SeamlessUploader] ⏳ Pausa de 4 segundos para carga de opciones del wizard...
[2026-09-07 11:58:16] [INFO] [SeamlessUploader] Esperando carga completa de componentes de Seamless Dashboard en la URL main...
[2026-09-07 11:58:20] [INFO] [SeamlessUploader] Detectado iframe de Seamless (iframe.pluginIframe).
[2026-09-07 11:58:20] [INFO] [SeamlessUploader] Verificando que los botones principales de Seamless estén visibles e interactivos...
[2026-09-07 11:58:20] [INFO] [SeamlessUploader] Componentes de la pantalla principal listos e interactivos.
[2026-09-07 11:58:20] [INFO] [SeamlessUploader] >>> PASO 1: Platform Country -> Escribir 'PY_CL' y seleccionar coincidencia <<<
[2026-09-07 11:58:22] [INFO] [SeamlessUploader] Clic en coincidencia del menú: [class*="option"]:has-text("PY_CL")
[2026-09-07 11:58:24] [INFO] [SeamlessUploader] [Paso 1 (Platform Country)] Buscando botón 'Continue'...
[2026-09-07 11:58:25] [INFO] [SeamlessUploader] [Paso 1 (Platform Country)] Clic en 'Continue'.
[2026-09-07 11:58:25] [INFO] [SeamlessUploader] Verificando transición a [Paso 2: OD Vendors]...
[2026-09-07 11:58:33] [ERROR] [SeamlessUploader] Error durante la automatización: Fallo en Paso 1 (Platform Country): Se hizo clic en Continue pero no avanzó al paso [Paso 2: OD Vendors].. Captura guardada en: C:\Users\cristian.alvarez\Desktop\Proyectos\PartnerConfigs\data\logs\error_general_20260907_115833.png
[2026-09-07 11:58:34] [CRITICAL] [MainPipeline] El proceso fallo con error: Fallo en Paso 1 (Platform Country): Se hizo clic en Continue pero no avanzó al paso [Paso 2: OD Vendors].
Traceback (most recent call last):
  File "C:\Users\cristian.alvarez\Desktop\Proyectos\PartnerConfigs\main.py", line 115, in run_pipeline
    uploader.upload_csv(seamless_csv_path)
    ~~~~~~~~~~~~~~~~~~~^^^^^^^^^^^^^^^^^^^
  File "C:\Users\cristian.alvarez\Desktop\Proyectos\PartnerConfigs\src\web_uploader.py", line 349, in upload_csv
    self._click_continue_and_verify(app, page, "Paso 1 (Platform Country)", od_vendor_loc, "Paso 2: OD Vendors")
    ~~~~~~~~~~~~~~~~~~~~~~~~~~~~~~~^^^^^^^^^^^^^^^^^^^^^^^^^^^^^^^^^^^^^^^^^^^^^^^^^^^^^^^^^^^^^^^^^^^^^^^^^^^^^
  File "C:\Users\cristian.alvarez\Desktop\Proyectos\PartnerConfigs\src\web_uploader.py", line 242, in _click_continue_and_verify
    raise RuntimeError(f"Fallo en {current_step}: Se hizo clic en Continue pero no avanzó al paso [{next_step_name}].")
RuntimeError: Fallo en Paso 1 (Platform Country): Se hizo clic en Continue pero no avanzó al paso [Paso 2: OD Vendors].
[2026-09-07 12:00:35] [INFO] [MainPipeline] ======================================================================
[2026-09-07 12:00:35] [INFO] [MainPipeline] INICIANDO PROCESO DIARIO DE PREPTIME (SEAMLESS BULK UPDATES)
[2026-09-07 12:00:35] [INFO] [MainPipeline] ======================================================================
[2026-09-07 12:00:35] [INFO] [MainPipeline] --- PASO 1: Buscando archivo del dia de hoy en 'data_vendors_drive' ---
[2026-09-07 12:00:35] [INFO] [DriveVendorReader] Archivo de hoy encontrado: Reporte_Query_20260907_090542.csv (Ruta: C:\Users\cristian.alvarez\Desktop\Proyectos\PartnerConfigs\data_vendors_drive\Reporte_Query_20260907_090542.csv)
[2026-09-07 12:00:35] [INFO] [DriveVendorReader] Leyendo archivo de vendors: Reporte_Query_20260907_090542.csv...
[2026-09-07 12:00:35] [INFO] [DriveVendorReader] Archivo leido correctamente. Filas encontradas: 10
[2026-09-07 12:00:35] [INFO] [DriveVendorReader] Columnas mapeadas para procesamiento: ['partner_id', 'partner_name', 'registered_date', 'partner_status', 'cuisine', 'franchise_name', 'vertical_type']
[2026-09-07 12:00:35] [INFO] [MainPipeline] --- PASO 2: Aplicando Reglas de Preptime y Generando Resultados ---
[2026-09-07 12:00:35] [INFO] [VendorTransformer] Cargando reglas de negocio desde rules_preptime.csv (89 reglas)...
[2026-09-07 12:00:35] [INFO] [VendorTransformer] Reglas activas: 20 franquicias, 16 cuisines, 8 verticales, 44 palabras clave. Default: 15 min.
[2026-09-07 12:00:35] [INFO] [VendorTransformer] Aplicando reglas de preptime sobre 10 partners...
[2026-09-07 12:00:35] [INFO] [VendorTransformer] Distribución de asignación de preptime: {'CUISINE': 7, 'KEYWORD': 3}
[2026-09-07 12:00:35] [INFO] [VendorTransformer] CSV de Seamless generado exitosamente: C:\Users\cristian.alvarez\Desktop\Proyectos\PartnerConfigs\data\output\seamless_bulk_upload_20260907_120035.csv
[2026-09-07 12:00:35] [INFO] [VendorTransformer] Archivo de auditoría/resultados generado exitosamente: C:\Users\cristian.alvarez\Desktop\Proyectos\PartnerConfigs\data\output\reporte_auditoria_vendors_20260907_120035.csv
[2026-09-07 12:00:35] [INFO] [MainPipeline] ======================================================================
[2026-09-07 12:00:35] [INFO] [MainPipeline] ARCHIVOS GENERADOS:
[2026-09-07 12:00:35] [INFO] [MainPipeline] 1. CSV para Seamless: C:\Users\cristian.alvarez\Desktop\Proyectos\PartnerConfigs\data\output\seamless_bulk_upload_20260907_120035.csv
[2026-09-07 12:00:35] [INFO] [MainPipeline] 2. Reporte de Auditoria Completo: C:\Users\cristian.alvarez\Desktop\Proyectos\PartnerConfigs\data\output\reporte_auditoria_vendors_20260907_120035.csv
[2026-09-07 12:00:35] [INFO] [MainPipeline] ======================================================================
[2026-09-07 12:00:35] [INFO] [MainPipeline] --- PASO 3: Carga en Seamless Dashboard (PedidosYa Portal) ---
[2026-09-07 12:00:35] [INFO] [SeamlessUploader] Iniciando navegador Playwright (Headless=False)...
[2026-09-07 12:00:35] [INFO] [SeamlessUploader] Ruta del CSV a cargar: C:\Users\cristian.alvarez\Desktop\Proyectos\PartnerConfigs\data\output\seamless_bulk_upload_20260907_120035.csv
[2026-09-07 12:00:36] [INFO] [SeamlessUploader] Navegando a: https://ops-portal.pedidosya.com/pv2/cl/p/logistics-seamless#/main
[2026-09-07 12:00:40] [INFO] [SeamlessUploader] ⏳ Esperando 7 segundos para que carguen todos los componentes de la URL main...
[2026-09-07 12:00:49] [INFO] [SeamlessUploader] Detectado iframe de Seamless (iframe.pluginIframe).
[2026-09-07 12:00:49] [INFO] [SeamlessUploader] Navegando a 'Mass updates'...
[2026-09-07 12:00:51] [INFO] [SeamlessUploader] Clic en 'Mass updates': div:has-text("Mass updates")
[2026-09-07 12:00:53] [INFO] [SeamlessUploader] Buscando opción 'Upload CSV'...
[2026-09-07 12:00:55] [INFO] [SeamlessUploader] Clic en 'Upload CSV': a:has-text("Upload CSV")
[2026-09-07 12:00:57] [INFO] [SeamlessUploader] ⏳ Pausa de 5 segundos para carga completa de componentes...
[2026-09-07 12:01:04] [INFO] [SeamlessUploader] Detectado iframe de Seamless (iframe.pluginIframe).
[2026-09-07 12:01:04] [INFO] [SeamlessUploader] >>> PASO 1: Platform Country -> Escribir 'PY_CL' y seleccionar coincidencia <<<
[2026-09-07 12:01:06] [INFO] [SeamlessUploader] Haciendo clic en la coincidencia del menú desplegable: [class*="option"]:has-text("PY_CL")
[2026-09-07 12:01:08] [INFO] [SeamlessUploader] [Platform Country] Buscando botón 'Continue'...
[2026-09-07 12:01:09] [INFO] [SeamlessUploader] [Platform Country] Clic en 'Continue' (<Locator frame=<Frame name= url='https://ops-portal.pedidosya.com/pv2/cl/p/logistics-seamless#/bulk-updates'> selector='iframe.pluginIframe >> nth=0 >> internal:control=enter-frame >> button:has-text("Continue") >> nth=0'>).
[2026-09-07 12:01:11] [INFO] [SeamlessUploader] >>> PASO 2: Type of vendors -> Clic en botón 'OD Vendors' <<<
[2026-09-07 12:01:12] [INFO] [SeamlessUploader] Clic en botón de 'OD Vendors': button:has-text("OD Vendors")
[2026-09-07 12:01:14] [INFO] [SeamlessUploader] [Type of vendors] Buscando botón 'Continue'...
[2026-09-07 12:01:15] [INFO] [SeamlessUploader] [Type of vendors] Clic en 'Continue' (<Locator frame=<Frame name= url='https://ops-portal.pedidosya.com/pv2/cl/p/logistics-seamless#/bulk-updates'> selector='iframe.pluginIframe >> nth=0 >> internal:control=enter-frame >> button:has-text("Continue") >> nth=0'>).
[2026-09-07 12:01:16] [INFO] [SeamlessUploader] >>> PASO 3: Type of action -> Clic en opción 'Preparation times' <<<
[2026-09-07 12:01:18] [INFO] [SeamlessUploader] Clic en opción de acción: label:has-text("Preparation times")
[2026-09-07 12:01:19] [INFO] [SeamlessUploader] [Type of action] Buscando botón 'Continue'...
[2026-09-07 12:01:20] [INFO] [SeamlessUploader] [Type of action] Clic en 'Continue' (<Locator frame=<Frame name= url='https://ops-portal.pedidosya.com/pv2/cl/p/logistics-seamless#/bulk-updates'> selector='iframe.pluginIframe >> nth=0 >> internal:control=enter-frame >> button:has-text("Continue") >> nth=0'>).
[2026-09-07 12:01:22] [INFO] [SeamlessUploader] >>> PASO 4: Carga de Archivo CSV <<<
[2026-09-07 12:01:24] [INFO] [SeamlessUploader] Archivo adjuntado correctamente: seamless_bulk_upload_20260907_120035.csv
[2026-09-07 12:01:26] [INFO] [SeamlessUploader] Buscando botón final de confirmación/subida...
[2026-09-07 12:01:26] [INFO] [SeamlessUploader] Haciendo clic en botón final de confirmación.
[2026-09-07 12:01:33] [INFO] [SeamlessUploader] Captura de pantalla final guardada en: C:\Users\cristian.alvarez\Desktop\Proyectos\PartnerConfigs\data\logs\seamless_success_20260907_120133.png
[2026-09-07 12:01:33] [INFO] [SeamlessUploader] ¡Proceso de Seamless Bulk Updates completado exitosamente!
[2026-09-07 12:01:33] [INFO] [MainPipeline] ======================================================================
[2026-09-07 12:01:33] [INFO] [MainPipeline] PROCESO COMPLETADO EXITOSAMENTE
[2026-09-07 12:01:33] [INFO] [MainPipeline] ======================================================================
